
[Server] Signal received. Initiating graceful shutdown...
==============================================================
   CSS223 Cinema Reservation Server Starting                  
==============================================================
  Workers         : 1
  Synchronization : ENABLED
  Random Delay    : DISABLED
  Request Queue   : /css223_reservation_requests
==============================================================
[Server] Ready and waiting for client requests. Press Ctrl+C to terminate.
[Worker 0] [CHECK] Seat A1 is AVAILABLE for Client 3
[Worker 0] [UPDATE] Seat A1 SUCCESS: Reserved by Client 3
[Worker 0] [CHECK] Seat A1 is ALREADY RESERVED (Owner: Client 3)
[Worker 0] [UPDATE] Seat A1 reservation FAILED for Client 5
[Worker 0] [CHECK] Seat A1 is ALREADY RESERVED (Owner: Client 3)
[Worker 0] [UPDATE] Seat A1 reservation FAILED for Client 1
[Worker 0] [CHECK] Seat A1 is ALREADY RESERVED (Owner: Client 3)
[Worker 0] [UPDATE] Seat A1 reservation FAILED for Client 4
[Worker 0] [CHECK] Seat A1 is ALREADY RESERVED (Owner: Client 3)
[Worker 0] [UPDATE] Seat A1 reservation FAILED for Client 2
[Worker 0] [QUIT] Client 3 session ended
[Worker 0] [QUIT] Client 5 session ended
[Worker 0] [QUIT] Client 4 session ended
[Worker 0] [QUIT] Client 1 session ended
[Worker 0] [QUIT] Client 2 session ended
[Worker 0] [LIST] Processing LIST request for Client 99
[Worker 0] [STATUS] Checking status of Seat A1 for Client 99
[Worker 0] [STATUS] Checking status of Seat A2 for Client 99
[Worker 0] [STATUS] Checking status of Seat A3 for Client 99
[Worker 0] [STATUS] Checking status of Seat A4 for Client 99
[Worker 0] [STATUS] Checking status of Seat A5 for Client 99
[Worker 0] [STATUS] Checking status of Seat B1 for Client 99
[Worker 0] [STATUS] Checking status of Seat B2 for Client 99
[Worker 0] [STATUS] Checking status of Seat B3 for Client 99
[Worker 0] [STATUS] Checking status of Seat B4 for Client 99
[Worker 0] [STATUS] Checking status of Seat B5 for Client 99
[Worker 0] [STATUS] Checking status of Seat C1 for Client 99
[Worker 0] [STATUS] Checking status of Seat C2 for Client 99
[Worker 0] [STATUS] Checking status of Seat C3 for Client 99
[Worker 0] [STATUS] Checking status of Seat C4 for Client 99
[Worker 0] [STATUS] Checking status of Seat C5 for Client 99
[Worker 0] [STATUS] Checking status of Seat D1 for Client 99
[Worker 0] [STATUS] Checking status of Seat D2 for Client 99
[Worker 0] [STATUS] Checking status of Seat D3 for Client 99
[Worker 0] [STATUS] Checking status of Seat D4 for Client 99
[Worker 0] [STATUS] Checking status of Seat D5 for Client 99
[Worker 0] [QUIT] Client 99 session ended
[Worker 0] Received QUIT sentinel. Shutting down worker thread...
[Server] Shutdown complete. Resources unlinked cleanly.
